// Jest Snapshot v1, https://goo.gl/fbAQLP

exports[`Modal component renders correctly 1`] = `
<div
  className="modal "
>
  <div
    className="modal__inner"
  >
    <button
      className="modal__inner__close"
      onClick={[MockFunction]}
    >
      <span
        className="is-visually-hidden"
      >
        Close Modal
      </span>
    </button>
    children
  </div>
</div>
`;
