// Jest Snapshot v1, https://goo.gl/fbAQLP

exports[`ProductItem component should match snapshot 1`] = `
<li
  className="product-item"
>
  <article
    className="product"
  >
    <img
      className="product__img"
    />
    <div
      className="product__body"
    >
      <div
        className="product__body__info"
      >
        <h2
          className="type--a3"
        >
          Product 1
        </h2>
        <p
          className="type--a4"
        >
          $9.99
        </p>
      </div>
      <p
        className="product__body__inventory type--a9 type--grey-6"
      >
        6
         remaining
      </p>
      <button
        className="button type--a8  button--primary product__body__btn"
        disabled=""
        onClick={[Function]}
        type="button"
      >
        Add to cart
      </button>
    </div>
  </article>
</li>
`;
